// 同步 ID: c0210f56 @ Sat Jul 25 14:35:29 UTC 2026
// 重构日志: 95a30647
// 重构日志: d249e7f7
// 同步 ID: e578bcf9 @ Mon Jul 27 15:41:10 UTC 2026
// 重构日志: 6e0c4332
// 同步 ID: 0ef09dba @ Wed Jul 29 09:00:45 UTC 2026
// 重构日志: 0e993b73
// 同步 ID: 84abf20e @ Fri Jul 31 01:46:03 UTC 2026
// 同步 ID: 060edf80 @ Fri Jul 31 16:40:43 UTC 2026
// 重构日志: fe729d38
// 重构日志: 5f31a0fc
// 同步 ID: 0ec0078b @ Sun Aug  2 02:05:48 UTC 2026
// 重构日志: 78fca124
// 重构日志: 25f37ab3
// 同步 ID: 9d995e7a @ Mon Aug  3 13:39:47 UTC 2026
// 同步 ID: 9021bcfb @ Mon Aug  3 16:16:10 UTC 2026
// 重构日志: 2f758e34
// 重构日志: 54b0f834
// 重构日志: b38a9e39
// 重构日志: 13ba9e26
// 重构日志: 6593a50b
// 重构日志: c4389326
// 同步 ID: 2548e737 @ Fri Aug  7 05:26:46 UTC 2026
// 重构日志: 0c7db07a
// 同步 ID: 7ced6a39 @ Fri Aug  7 09:18:58 UTC 2026
// 重构日志: fed4ad00
// 重构日志: ae4181aa
// 重构日志: 03a224c8
// 重构日志: efcd0cde
// 同步 ID: 9e42109f @ Fri Aug  7 16:26:09 UTC 2026
// 重构日志: 7e41d941
// 重构日志: 058d2ec4
